// Vitest Snapshot v1, https://vitest.dev/guide/snapshot.html

exports[`App component > Shows examples with snapshot 1`] = `
<div>
  <div>
    <h1>
      Hello Vitest
    </h1>
    <p>
      Before
    </p>
    <input
      placeholder="name"
      type="text"
      value="Before"
    />
  </div>
</div>
`;

exports[`App component > Shows examples with snapshot 2`] = `"Hello Vitest"`;
