// Vitest Snapshot v1, https://vitest.dev/guide/snapshot.html

exports[`UserEvents component > Renders Modified text 1`] = `
<div>
  <div>
    <h1
      class="heading cool"
    >
      Initial Text
    </h1>
    <p
      role="paragraph"
    >
      Initial Text
    </p>
    <button
      type="button"
    >
      Set Text
    </button>
  </div>
</div>
`;
